// Jest Snapshot v1, https://goo.gl/fbAQLP

exports[`Splash Screen should render correctly 1`] = `
<RCTScrollView
  style={
    Array [
      Object {
        "backgroundColor": "#F4E6CA",
        "height": "100%",
        "paddingTop": undefined,
        "width": "100%",
      },
      undefined,
    ]
  }
>
  <View>
    <View
      style={
        Object {
          "alignItems": "flex-start",
          "flexDirection": "row",
          "justifyContent": "space-around",
          "position": "absolute",
          "top": -30,
          "width": "100%",
        }
      }
    >
      <Image
        resizeMode="contain"
        source={
          Object {
            "process": [Function],
          }
        }
        style={
          Object {
            "maxWidth": 200,
          }
        }
      />
      <Image
        resizeMode="contain"
        source={
          Object {
            "process": [Function],
          }
        }
        style={
          Object {
            "maxWidth": 200,
          }
        }
      />
    </View>
    <View
      style={
        Object {
          "flex": 1,
          "marginTop": "60%",
          "padding": 15,
        }
      }
    >
      <View
        style={
          Object {
            "alignItems": "center",
            "paddingTop": 100,
          }
        }
      >
        <View>
          <View
            style={
              Object {
                "alignItems": "baseline",
              }
            }
          >
            <Text
              style={
                Array [
                  Object {
                    "color": "#7C4908",
                    "fontFamily": "Cairo-Bold",
                    "fontSize": 35,
                  },
                  undefined,
                ]
              }
            >
              إفطار
            </Text>
            <Image
              collapsable={false}
              nativeID="animatedComponent"
              resizeMode="contain"
              source={
                Object {
                  "process": [Function],
                }
              }
              style={
                Object {
                  "height": 20,
                  "left": 4,
                  "position": "absolute",
                  "top": -3,
                  "transform": Array [
                    Object {
                      "rotate": "0deg",
                    },
                  ],
                  "width": 20,
                }
              }
            />
          </View>
        </View>
        <View
          style={
            Object {
              "alignItems": "center",
              "flexDirection": "row",
              "justifyContent": "center",
              "marginTop": 50,
            }
          }
        >
          <View
            collapsable={false}
            nativeID="animatedComponent"
            style={
              Object {
                "backgroundColor": "#CA8B32",
                "borderRadius": 10,
                "height": 15,
                "marginLeft": 15,
                "marginRight": 15,
                "transform": Array [
                  Object {
                    "scale": 1,
                  },
                ],
                "width": 15,
              }
            }
          />
          <View
            collapsable={false}
            nativeID="animatedComponent"
            style={
              Object {
                "backgroundColor": "#CA8B32",
                "borderRadius": 10,
                "height": 15,
                "marginLeft": 15,
                "marginRight": 15,
                "transform": Array [
                  Object {
                    "scale": 1,
                  },
                ],
                "width": 15,
              }
            }
          />
          <View
            collapsable={false}
            nativeID="animatedComponent"
            style={
              Object {
                "backgroundColor": "#CA8B32",
                "borderRadius": 10,
                "height": 15,
                "marginLeft": 15,
                "marginRight": 15,
                "transform": Array [
                  Object {
                    "scale": 1,
                  },
                ],
                "width": 15,
              }
            }
          />
        </View>
      </View>
    </View>
  </View>
</RCTScrollView>
`;
